// Jest Snapshot v1, https://goo.gl/fbAQLP

exports[`MultiStepFooter tests should render 1`] = `
.c5 {
  display: -webkit-box;
  display: -webkit-flex;
  display: -ms-flexbox;
  display: flex;
  -webkit-flex-direction: row;
  -ms-flex-direction: row;
  flex-direction: row;
  -webkit-box-pack: start;
  -webkit-justify-content: start;
  -ms-flex-pack: start;
  justify-content: start;
  -webkit-align-items: center;
  -webkit-box-align: center;
  -ms-flex-align: center;
  align-items: center;
  margin-left: -5px;
}

.c5 > * {
  display: -webkit-inline-box;
  display: -webkit-inline-flex;
  display: -ms-inline-flexbox;
  display: inline-flex;
}

.c5 > * {
  margin-left: 5px;
}

.c4 {
  display: -webkit-box;
  display: -webkit-flex;
  display: -ms-flexbox;
  display: flex;
  -webkit-flex-direction: row;
  -ms-flex-direction: row;
  flex-direction: row;
  -webkit-box-pack: start;
  -webkit-justify-content: start;
  -ms-flex-pack: start;
  justify-content: start;
  -webkit-align-items: center;
  -webkit-box-align: center;
  -ms-flex-align: center;
  align-items: center;
  display: -webkit-inline-box;
  display: -webkit-inline-flex;
  display: -ms-inline-flexbox;
  display: inline-flex;
}

.c1 {
  display: inline-block;
  padding: 0 15px;
  color: #4C4C4C;
  text-align: center;
  vertical-align: middle;
  font-size: 11px;
  font-weight: bold;
  line-height: 30px;
  -webkit-text-decoration: none;
  text-decoration: none;
  white-space: nowrap;
  background-color: #fff;
  border-radius: 2px;
  border: 1px solid #bfbfbf;
  cursor: pointer;
  overflow: visible;
  z-index: 1;
}

.c1:focus,
.c1:hover {
  border: 1px solid #4C4C4C;
}

.c1:hover {
  -webkit-text-decoration: none;
  text-decoration: none;
  background: #11ab51;
  font-weight: bold;
  color: #fff;
}

.c1[disabled] {
  cursor: not-allowed;
  opacity: 0.65;
  box-shadow: none;
}

.c1 img {
  height: 32px;
  width: 32px;
  margin-top: 5px 10px 5px -10px;
  vertical-align: middle;
}

.c1:link {
  -webkit-text-decoration: none;
  text-decoration: none;
  color: #4C4C4C;
}

.c2 {
  display: -webkit-box;
  display: -webkit-flex;
  display: -ms-flexbox;
  display: flex;
  -webkit-flex-direction: row;
  -ms-flex-direction: row;
  flex-direction: row;
  -webkit-box-pack: center;
  -webkit-justify-content: center;
  -ms-flex-pack: center;
  justify-content: center;
  -webkit-align-items: center;
  -webkit-box-align: center;
  -ms-flex-align: center;
  align-items: center;
}

.c3 {
  border: 1px solid #7F7F7F;
  color: #fff;
  background: #11ab51;
}

.c3:hover {
  color: #074320;
  background: #A1DDBA;
}

.c6 {
  display: -webkit-box;
  display: -webkit-flex;
  display: -ms-flexbox;
  display: flex;
  -webkit-flex-direction: row;
  -ms-flex-direction: row;
  flex-direction: row;
  -webkit-box-pack: center;
  -webkit-justify-content: center;
  -ms-flex-pack: center;
  justify-content: center;
  -webkit-align-items: center;
  -webkit-box-align: center;
  -ms-flex-align: center;
  align-items: center;
  color: #4C4C4C;
  background: #fff;
}

.c6:hover {
  color: #fff;
  background: #11ab51;
}

.c0 {
  display: -webkit-box;
  display: -webkit-flex;
  display: -ms-flexbox;
  display: flex;
  -webkit-flex-direction: row;
  -ms-flex-direction: row;
  flex-direction: row;
  -webkit-flex-shrink: 0;
  -ms-flex-negative: 0;
  flex-shrink: 0;
  -webkit-box-pack: end;
  -webkit-justify-content: flex-end;
  -ms-flex-pack: end;
  justify-content: flex-end;
  -webkit-align-items: center;
  -webkit-box-align: center;
  -ms-flex-align: center;
  align-items: center;
  border-width: 1px 0 0 0;
  border-style: solid;
  border-color: #e5e5e5;
  margin-top: 15px;
  padding: 10px 20px 10px 20px;
  -webkit-box-pack: justify;
  -webkit-justify-content: space-between;
  -ms-flex-pack: justify;
  justify-content: space-between;
}

<div
  class="c0"
>
  <button
    class="c1 c2 c3"
    data-testid="dialog-close-button"
    title="Cancel"
  >
    Cancel
  </button>
  <div
    class="c4"
  >
    <div
      class="c5"
      margin="5px"
    >
      <button
        class="c1 c6"
        data-testid="dialog-previous-button"
        title="ðŸ ¬"
      >
        ðŸ ¬
      </button>
      <button
        class="c1 c6"
        data-testid="dialog-next-button"
        title="ðŸ ®"
      >
        ðŸ ®
      </button>
      <button
        class="c1 c2 c3"
        data-testid="dialog-save-button"
        title="Foo"
      >
        Foo
      </button>
    </div>
  </div>
</div>
`;

exports[`MultiStepFooter tests should render loading and disable cancel button 1`] = `
.c5 {
  display: -webkit-box;
  display: -webkit-flex;
  display: -ms-flexbox;
  display: flex;
  -webkit-flex-direction: row;
  -ms-flex-direction: row;
  flex-direction: row;
  -webkit-box-pack: start;
  -webkit-justify-content: start;
  -ms-flex-pack: start;
  justify-content: start;
  -webkit-align-items: center;
  -webkit-box-align: center;
  -ms-flex-align: center;
  align-items: center;
  margin-left: -5px;
}

.c5 > * {
  display: -webkit-inline-box;
  display: -webkit-inline-flex;
  display: -ms-inline-flexbox;
  display: inline-flex;
}

.c5 > * {
  margin-left: 5px;
}

.c4 {
  display: -webkit-box;
  display: -webkit-flex;
  display: -ms-flexbox;
  display: flex;
  -webkit-flex-direction: row;
  -ms-flex-direction: row;
  flex-direction: row;
  -webkit-box-pack: start;
  -webkit-justify-content: start;
  -ms-flex-pack: start;
  justify-content: start;
  -webkit-align-items: center;
  -webkit-box-align: center;
  -ms-flex-align: center;
  align-items: center;
  display: -webkit-inline-box;
  display: -webkit-inline-flex;
  display: -ms-inline-flexbox;
  display: inline-flex;
}

.c1 {
  display: inline-block;
  padding: 0 15px;
  color: #4C4C4C;
  text-align: center;
  vertical-align: middle;
  font-size: 11px;
  font-weight: bold;
  line-height: 30px;
  -webkit-text-decoration: none;
  text-decoration: none;
  white-space: nowrap;
  background-color: #fff;
  border-radius: 2px;
  border: 1px solid #bfbfbf;
  cursor: pointer;
  overflow: visible;
  z-index: 1;
}

.c1:focus,
.c1:hover {
  border: 1px solid #4C4C4C;
}

.c1:hover {
  -webkit-text-decoration: none;
  text-decoration: none;
  background: #11ab51;
  font-weight: bold;
  color: #fff;
}

.c1[disabled] {
  cursor: not-allowed;
  opacity: 0.65;
  box-shadow: none;
}

.c1 img {
  height: 32px;
  width: 32px;
  margin-top: 5px 10px 5px -10px;
  vertical-align: middle;
}

.c1:link {
  -webkit-text-decoration: none;
  text-decoration: none;
  color: #4C4C4C;
}

.c2 {
  display: -webkit-box;
  display: -webkit-flex;
  display: -ms-flexbox;
  display: flex;
  -webkit-flex-direction: row;
  -ms-flex-direction: row;
  flex-direction: row;
  -webkit-box-pack: center;
  -webkit-justify-content: center;
  -ms-flex-pack: center;
  justify-content: center;
  -webkit-align-items: center;
  -webkit-box-align: center;
  -ms-flex-align: center;
  align-items: center;
}

.c3 {
  border: 1px solid #7F7F7F;
  color: #fff;
  background: #11ab51;
}

.c3:hover {
  color: #074320;
  background: #A1DDBA;
}

.c7 {
  border: 1px solid #7F7F7F;
  color: rgba(0,0,0,0.0);
  background: #11ab51 url(/img/loading.gif) center center no-repeat;
}

.c7:hover {
  color: rgba(0,0,0,0.0);
  background: #11ab51 url(/img/loading.gif) center center no-repeat;
}

.c6 {
  display: -webkit-box;
  display: -webkit-flex;
  display: -ms-flexbox;
  display: flex;
  -webkit-flex-direction: row;
  -ms-flex-direction: row;
  flex-direction: row;
  -webkit-box-pack: center;
  -webkit-justify-content: center;
  -ms-flex-pack: center;
  justify-content: center;
  -webkit-align-items: center;
  -webkit-box-align: center;
  -ms-flex-align: center;
  align-items: center;
  color: #4C4C4C;
  background: #fff;
}

.c6:hover {
  color: #fff;
  background: #11ab51;
}

.c0 {
  display: -webkit-box;
  display: -webkit-flex;
  display: -ms-flexbox;
  display: flex;
  -webkit-flex-direction: row;
  -ms-flex-direction: row;
  flex-direction: row;
  -webkit-flex-shrink: 0;
  -ms-flex-negative: 0;
  flex-shrink: 0;
  -webkit-box-pack: end;
  -webkit-justify-content: flex-end;
  -ms-flex-pack: end;
  justify-content: flex-end;
  -webkit-align-items: center;
  -webkit-box-align: center;
  -ms-flex-align: center;
  align-items: center;
  border-width: 1px 0 0 0;
  border-style: solid;
  border-color: #e5e5e5;
  margin-top: 15px;
  padding: 10px 20px 10px 20px;
  -webkit-box-pack: justify;
  -webkit-justify-content: space-between;
  -ms-flex-pack: justify;
  justify-content: space-between;
}

<div
  class="c0"
>
  <button
    class="c1 c2 c3"
    data-testid="dialog-close-button"
    disabled=""
    title="Cancel"
  >
    Cancel
  </button>
  <div
    class="c4"
  >
    <div
      class="c5"
      margin="5px"
    >
      <button
        class="c1 c6"
        data-testid="dialog-previous-button"
        title="ðŸ ¬"
      >
        ðŸ ¬
      </button>
      <button
        class="c1 c6"
        data-testid="dialog-next-button"
        title="ðŸ ®"
      >
        ðŸ ®
      </button>
      <button
        class="c1 c2 c7"
        data-testid="dialog-save-button"
        title="Foo"
      >
        Foo
      </button>
    </div>
  </div>
</div>
`;
