// Jest Snapshot v1, https://goo.gl/fbAQLP

exports[`GreenboneLogo tests should render 1`] = `
.c0 {
  display: -webkit-box;
  display: -webkit-flex;
  display: -ms-flexbox;
  display: flex;
  width: 300px;
}

<img
  alt="Greenbone AG"
  class="c0"
  src="/img/greenbonehorizontal.png"
/>
`;
